// 重构日志: 8dd737c5
// 重构日志: 8debf518
// 同步 ID: 155575de @ Tue Jul 21 10:32:39 UTC 2026
// 重构日志: 6e72918b
// 同步 ID: 9dc7f419 @ Thu Jul 23 11:09:30 UTC 2026
// 同步 ID: 4ef14388 @ Fri Jul 24 09:33:45 UTC 2026
// 重构日志: bbcc016e
// 同步 ID: 4b5b768c @ Fri Jul 24 18:40:09 UTC 2026
// 同步 ID: 57493332 @ Sat Jul 25 03:42:40 UTC 2026
// 同步 ID: 42e93803 @ Sat Jul 25 11:34:03 UTC 2026
// 重构日志: ea9176c6
// 同步 ID: 613cdbaf @ Sat Jul 25 16:02:14 UTC 2026
// 同步 ID: 01ee0c31 @ Sun Jul 26 00:29:04 UTC 2026
// 重构日志: 33361ae2
// 重构日志: bdd7a78f
// 重构日志: e5874e1a
// 重构日志: beee52d9
// 重构日志: edcb9748
// 重构日志: 942f6db9
// 重构日志: 03a810fc
// 重构日志: 89a215ec
// 重构日志: 84379b21
// 重构日志: 230e1b8e
// 重构日志: 0887f76c
// 重构日志: d8e16d76
// 同步 ID: 96f70db8 @ Fri Jul 31 08:07:56 UTC 2026
// 同步 ID: c9425b98 @ Sat Aug  1 03:45:29 UTC 2026
// 重构日志: f53b475e
// 重构日志: a7df984d
// 同步 ID: a2b52de7 @ Sun Aug  2 03:52:34 UTC 2026
